ESP-ROM:esp32p4-eco2-20240710
Build:Jul 10 2024
rst:0x1 (POWERON),boot:0x20f (SPI_FAST_FLASH_BOOT)
SPI mode:DIO, clock div:1
load:0x4ff33ce0,len:0x162c
load:0x4ff2abd0,len:0xd6c
load:0x4ff2cbd0,len:0x3308
entry 0x4ff2abda
ESP-ROM:esp32p4-eco2-20240710
Build:Jul 10 2024
rst:0x7 (HP_SYS_HP_WDT_RESET),boot:0x20f (SPI_FAST_FLASH_BOOT)
SPI mode:DIO, clock div:1
load:0x4ff33ce0,len:0x162c
load:0x4ff2abd0,len:0xd6c
load:0x4ff2cbd0,len:0x3308
entry 0x4ff2abda
I (28) boot: ESP-IDF v5.4.1-dirty 2nd stage bootloader
I (28) boot: compile time Mar 24 2026 17:13:59
I (29) boot: Multicore bootloader
I (30) boot: chip revision: v1.0
I (32) boot: efuse block revision: v0.1
I (35) boot.esp32p4: SPI Speed      : 80MHz
I (39) boot.esp32p4: SPI Mode       : DIO
I (43) boot.esp32p4: SPI Flash Size : 16MB
W (47) boot.esp32p4: CPU has been reset by WDT.
I (51) boot: Enabling RNG early entropy source...
I (56) boot: Partition Table:
I (58) boot: ## Label            Usage          Type ST Offset   Length
I (65) boot:  0 nvs              WiFi data        01 02 00009000 00006000
I (71) boot:  1 phy_init         RF data          01 01 0000f000 00001000
I (78) boot:  2 factory          factory app      00 00 00010000 00200000
I (85) boot: End of partition table
I (87) esp_image: segment 0: paddr=00010020 vaddr=48080020 size=27520h (161056) map
I (123) esp_image: segment 1: paddr=00037548 vaddr=30100000 size=0002ch (    44) load
I (125) esp_image: segment 2: paddr=0003757c vaddr=3010002c size=0003ch (    60) load
I (128) esp_image: segment 3: paddr=000375c0 vaddr=4ff00000 size=08a58h ( 35416) load
I (142) esp_image: segment 4: paddr=00040020 vaddr=48000020 size=777c8h (489416) map
I (225) esp_image: segment 5: paddr=000b77f0 vaddr=4ff08a58 size=0c6f8h ( 50936) load
I (236) esp_image: segment 6: paddr=000c3ef0 vaddr=4ff15180 size=032b8h ( 12984) load
I (245) boot: Loaded app from partition at offset 0x10000
I (245) boot: Disabling RNG early entropy source...
I (255) hex_psram: vendor id    : 0x0d (AP)
I (255) hex_psram: Latency      : 0x01 (Fixed)
I (256) hex_psram: DriveStr.    : 0x00 (25 Ohm)
I (256) hex_psram: dev id       : 0x03 (generation 4)
I (261) hex_psram: density      : 0x07 (256 Mbit)
I (265) hex_psram: good-die     : 0x06 (Pass)
I (269) hex_psram: SRF          : 0x02 (Slow Refresh)
I (274) hex_psram: BurstType    : 0x00 ( Wrap)
I (278) hex_psram: BurstLen     : 0x03 (2048 Byte)
I (283) hex_psram: BitMode      : 0x01 (X16 Mode)
I (287) hex_psram: Readlatency  : 0x04 (14 cycles@Fixed)
I (292) hex_psram: DriveStrength: 0x00 (1/1)
I (297) MSPI DQS: tuning success, best phase id is 2
I (474) MSPI DQS: tuning success, best delayline id is 11
I esp_psram: Found 32MB PSRAM device
I esp_psram: Speed: 200MHz
I (489) mmu_psram: .rodata xip on psram
I (527) mmu_psram: .text xip on psram
I (527) hex_psram: psram CS IO is dedicated
I (528) cpu_start: Multicore app
I (537) cpu_start: Pro cpu start user code
I (538) cpu_start: cpu freq: 360000000 Hz
I (538) app_init: Application information:
I (538) app_init: Project name:     mipi_dsi_avoid_tearing
I (543) app_init: App version:      8414ad1-dirty
I (547) app_init: Compile time:     Mar 24 2026 17:58:29
I (552) app_init: ELF file SHA256:  b73ac0bcc...
I (557) app_init: ESP-IDF:          v5.4.1-dirty
I (561) efuse_init: Min chip rev:     v0.1
I (565) efuse_init: Max chip rev:     v1.99 
I (569) efuse_init: Chip rev:         v1.0
I (573) heap_init: Initializing. RAM available for dynamic allocation:
I (579) heap_init: At 4FF19DA0 len 00021220 (132 KiB): RAM
I (584) heap_init: At 4FF3AFC0 len 00004BF0 (18 KiB): RAM
I (589) heap_init: At 4FF40000 len 00040000 (256 KiB): RAM
I (595) heap_init: At 50108080 len 00007F80 (31 KiB): RTCRAM
I (600) heap_init: At 30100068 len 00001F98 (7 KiB): TCM
I (605) esp_psram: Adding pool of 31872K of PSRAM memory to heap allocator
I (612) spi_flash: detected chip: generic
I (615) spi_flash: flash io: dio
I (618) main_task: Started on CPU0
I (655) esp_psram: Reserving pool of 32K of internal memory for DMA/internal allocations
I (655) main_task: Calling app_main()
I (655) main: Starting HDMI MP4 Player application
I (660) t5_p4_board: MIPI DSI PHY powered on
W (665) i2c.master: Please check pull-up resistances whether be connected properly. Otherwise unexpected behavior would happen. For more detailed information, please read docs
I (679) t5_p4_board: I2C ready on SDA=7 SCL=8, port=1, clk=400000 Hz
I (686) t5_p4_board: PCA9535 detected at 0x20
I (879) t5_p4_board: LT8912B main detected at 0x48
I (879) t5_p4_board: LT8912B CEC detected at 0x49
I (879) t5_p4_board: LT8912B AVI detected at 0x4A
I (941) lt8912b: Detected MIPI input. H sync: 0x00 0x00, V sync: 0x00 0x00
I (966) lt8912b: LT8912 LVDS output disabled!
I (966) lt8912b: LT8912 HDMI output enabled!
W (969) lt8912b: Test pattern enabled!
I (969) lt8912b: Detected MIPI input. H sync: 0x00 0x00, V sync: 0x00 0x00
I (973) t5_p4_board: LT8912B HPD/ready after init: not ready
W (979) t5_p4_board: LT8912B built-in test pattern is enabled for diagnosis
I (985) main: Display callback mode=on_refresh_done timeout=1000 ms fail_open=no buffers=2
I (993) gpio: GPIO[47]| InputEn: 0| OutputEn: 1| OpenDrain: 0| Pullup: 0| Pulldown: 0| Intr:0 
I (1002) sdspi_transaction: cmd=52, R1 response: command not supported
I (1050) sdspi_transaction: cmd=5, R1 response: command not supported
I (1095) t5_p4_board: SD card mounted over SPI at /sdcard
I (1095) main: Initializing audio codec...
W (1096) i2s_common: dma frame num is adjusted to 256 to align the dma buffer with 64, bufsize = 512
W (1102) i2s_common: dma frame num is adjusted to 256 to align the dma buffer with 64, bufsize = 512
I (1111) t5_p4_board: I2S prepared: mclk=43 bclk=42 lrck=40 dout=39 din=41
I (1128) t5_p4_board: ES8311 detected at 0x18
I (1128) t5_p4_board: Configuring ES8311 via codec default addr 0x30 (7-bit address 0x18)
I (1134) ES8311: Work in Slave mode
I (1137) main: Audio codec initialized successfully
I (1138) main: Initializing stream adapter...
I (1173) app_extractor: Extractors registered successfully
I (1173) app_extractor: Audio decoders registered successfully
I (1173) app_extractor: App extractor initialized with audio
I (1178) stream_adapter: Stream adapter initialized with audio with event group control
I (1186) main: Stream adapter initialized with RGB888 format and audio support
I (1237) stream_adapter: Set media file: /sdcard/test_video.mp4, extract_audio: 1
I (1237) main: Starting loop playback of /sdcard/test_video.mp4
I (1239) main: Starting playback loop #1
I (1242) stream_adapter: Starting playback of /sdcard/test_video.mp4 with audio
[0;32mI (1664) MP4_PARSER: Set video format:2[0m
[0;32mI (1669) MP4_PARSER: Set audio format:3[0m
[0;32mI (1669) MP4_PARSER: Update sample:22050 channel: 2[0m
Spec Config: 13 90 56 e5 00 
[0;32mI (1704) Data_Cache: Read finished 18035/87381[0m
[0;32mI (1705) Data_Cache: Read finished 0/87381[0m
sample:0 pos:44 size:67 pts:0
sample:1 pos:87102 size:232 pts:46
sample:2 pos:87334 size:261 pts:92
sample:3 pos:174539 size:328 pts:139
sample:4 pos:261856 size:370 pts:185
sample:5 pos:349211 size:385 pts:232
sample:6 pos:436592 size:404 pts:278
sample:7 pos:523999 size:455 pts:325
sample:8 pos:611468 size:491 pts:371
sample:9 pos:698981 size:494 pts:417
sample:0 pos:111 size:86991 pts:0
sample:1 pos:87595 size:86944 pts:50
sample:2 pos:174867 size:86989 pts:100
sample:3 pos:262226 size:86985 pts:150
sample:4 pos:349596 size:86996 pts:200
sample:5 pos:436996 size:87003 pts:250
sample:6 pos:524454 size:87014 pts:300
sample:7 pos:611959 size:87022 pts:350
sample:8 pos:699475 size:87013 pts:400
sample:9 pos:787013 size:87016 pts:450
I (1881) app_extractor: Found 1 audio and 1 video streams
I (1886) app_extractor: Audio: format=3, 22050Hz, 2ch, 16bits
I (1891) app_extractor: Video: format=2, 1280x720, 20fps
I (1896) app_extractor: Video: MJPEG format - ESP32-P4 hardware accelerated
I (1903) app_extractor: Extraction started: fps=50ms, audio=yes
I (1908) stream_adapter: Video info: 1280x720, 20 fps, 286700 ms
I (1914) stream_adapter: Audio info: 22050 Hz, 2 ch, 16 bits, 286634 ms
I (1920) stream_adapter: Extract task started
I (1925) stream_adapter: Extract task processing frames
I (1970) app_extractor: Using AAC decoder (sample_rate=22050, channel=2, bits=16)
I (1971) app_extractor: AAC decoder initialized with parameters: sample_rate=22050, channel=2, bits=16
I (1977) I2S_IF: channel mode 0 bits:16/16 channel:2 mask:3
I (1981) I2S_IF: STD Mode 1 bits:16/16 channel:2 sample_rate:22050 mask:3
I (1987) I2S_IF: channel mode 0 bits:16/16 channel:2 mask:3
I (1993) I2S_IF: STD Mode 0 bits:16/16 channel:2 sample_rate:22050 mask:3
I (2014) Adev_Codec: Open codec device OK
I (2143) main: Display frame 0 completed, callback_count=87
I (2316) main: Display frame 1 completed, callback_count=100
I (2490) main: Display frame 2 completed, callback_count=113
ESP-ROM:esp32p4-eco2-20240710
Build:Jul 10 2024
rst:0x1 (POWERON),boot:0x20f (SPI_FAST_FLASH_BOOT)
SPI mode:DIO, clock div:1
load:0x4ff33ce0,len:0x162c
load:0x4ff2abd0,len:0xd6c
load:0x4ff2cbd0,len:0x3308
entry 0x4ff2abda
ESP-ROM:esp32p4-eco2-20240710
Build:Jul 10 2024
rst:0x7 (HP_SYS_HP_WDT_RESET),boot:0x20f (SPI_FAST_FLASH_BOOT)
SPI mode:DIO, clock div:1
load:0x4ff33ce0,len:0x162c
load:0x4ff2abd0,len:0xd6c
load:0x4ff2cbd0,len:0x3308
entry 0x4ff2abda
I (28) boot: ESP-IDF v5.4.1-dirty 2nd stage bootloader
I (28) boot: compile time Mar 24 2026 17:13:59
I (29) boot: Multicore bootloader
I (30) boot: chip revision: v1.0
I (32) boot: efuse block revision: v0.1
I (35) boot.esp32p4: SPI Speed      : 80MHz
I (39) boot.esp32p4: SPI Mode       : DIO
I (43) boot.esp32p4: SPI Flash Size : 16MB
W (47) boot.esp32p4: CPU has been reset by WDT.
I (51) boot: Enabling RNG early entropy source...
I (56) boot: Partition Table:
I (58) boot: ## Label            Usage          Type ST Offset   Length
I (65) boot:  0 nvs              WiFi data        01 02 00009000 00006000
I (71) boot:  1 phy_init         RF data          01 01 0000f000 00001000
I (78) boot:  2 factory          factory app      00 00 00010000 00200000
I (85) boot: End of partition table
I (87) esp_image: segment 0: paddr=00010020 vaddr=48080020 size=27948h (162120) map
I (123) esp_image: segment 1: paddr=00037970 vaddr=30100000 size=0002ch (    44) load
I (125) esp_image: segment 2: paddr=000379a4 vaddr=3010002c size=0003ch (    60) load
I (128) esp_image: segment 3: paddr=000379e8 vaddr=4ff00000 size=08630h ( 34352) load
I (142) esp_image: segment 4: paddr=00040020 vaddr=48000020 size=77c90h (490640) map
I (225) esp_image: segment 5: paddr=000b7cb8 vaddr=4ff08630 size=0cb20h ( 52000) load
I (237) esp_image: segment 6: paddr=000c47e0 vaddr=4ff15180 size=032b8h ( 12984) load
I (245) boot: Loaded app from partition at offset 0x10000
I (246) boot: Disabling RNG early entropy source...
I (255) hex_psram: vendor id    : 0x0d (AP)
I (256) hex_psram: Latency      : 0x01 (Fixed)
I (256) hex_psram: DriveStr.    : 0x00 (25 Ohm)
I (257) hex_psram: dev id       : 0x03 (generation 4)
I (261) hex_psram: density      : 0x07 (256 Mbit)
I (266) hex_psram: good-die     : 0x06 (Pass)
I (270) hex_psram: SRF          : 0x02 (Slow Refresh)
I (275) hex_psram: BurstType    : 0x00 ( Wrap)
I (279) hex_psram: BurstLen     : 0x03 (2048 Byte)
I (283) hex_psram: BitMode      : 0x01 (X16 Mode)
I (288) hex_psram: Readlatency  : 0x04 (14 cycles@Fixed)
I (293) hex_psram: DriveStrength: 0x00 (1/1)
I (297) MSPI DQS: tuning success, best phase id is 2
I (474) MSPI DQS: tuning success, best delayline id is 11
I esp_psram: Found 32MB PSRAM device
I esp_psram: Speed: 200MHz
I (489) mmu_psram: .rodata xip on psram
I (527) mmu_psram: .text xip on psram
I (527) hex_psram: psram CS IO is dedicated
I (528) cpu_start: Multicore app
I (537) cpu_start: Pro cpu start user code
I (538) cpu_start: cpu freq: 360000000 Hz
I (538) app_init: Application information:
I (538) app_init: Project name:     mipi_dsi_avoid_tearing
I (543) app_init: App version:      8414ad1-dirty
I (547) app_init: Compile time:     Mar 24 2026 17:58:29
I (552) app_init: ELF file SHA256:  3457184b8...
I (557) app_init: ESP-IDF:          v5.4.1-dirty
I (561) efuse_init: Min chip rev:     v0.1
I (565) efuse_init: Max chip rev:     v1.99 
I (569) efuse_init: Chip rev:         v1.0
I (573) heap_init: Initializing. RAM available for dynamic allocation:
I (579) heap_init: At 4FF19DA0 len 00021220 (132 KiB): RAM
I (584) heap_init: At 4FF3AFC0 len 00004BF0 (18 KiB): RAM
I (589) heap_init: At 4FF40000 len 00040000 (256 KiB): RAM
I (595) heap_init: At 50108080 len 00007F80 (31 KiB): RTCRAM
I (600) heap_init: At 30100068 len 00001F98 (7 KiB): TCM
I (605) esp_psram: Adding pool of 31872K of PSRAM memory to heap allocator
I (612) spi_flash: detected chip: generic
I (615) spi_flash: flash io: dio
I (618) main_task: Started on CPU0
I (655) esp_psram: Reserving pool of 32K of internal memory for DMA/internal allocations
I (655) main_task: Calling app_main()
I (655) main: Starting HDMI MP4 Player application
I (660) t5_p4_board: MIPI DSI PHY powered on
W (665) i2c.master: Please check pull-up resistances whether be connected properly. Otherwise unexpected behavior would happen. For more detailed information, please read docs
I (679) t5_p4_board: I2C ready on SDA=7 SCL=8, port=1, clk=400000 Hz
I (686) t5_p4_board: PCA9535 detected at 0x20
I (879) t5_p4_board: LT8912B main detected at 0x48
I (879) t5_p4_board: LT8912B CEC detected at 0x49
I (879) t5_p4_board: LT8912B AVI detected at 0x4A
I (881) gpio: GPIO[4]| InputEn: 1| OutputEn: 0| OpenDrain: 0| Pullup: 0| Pulldown: 0| Intr:0 
I (889) t5_p4_board: HDMI after-power-on: powered=yes out=0xC0/0x04 dir=0x3F/0xFB in=0xE0/0xC4 io10_1v8=1 io7_en=1 io6_rst=1 int_gpio=1
I (950) lt8912b: LT8912B init: lanes=2 pn_swap=0 lane_swap=0 test_pattern=1 timing=1280x720 pclk=64MHz
I (961) lt8912b: Detected MIPI input. H sync: 0x00 0x00, V sync: 0x00 0x00
I (986) lt8912b: LT8912 LVDS output disabled!
I (986) lt8912b: LT8912 HDMI output enabled!
I (988) lt8912b: after-hdmi-enable: HPD=0x00 HDMI_CTRL=0x00 pattern=0x00/0x00 MIPI hsync=0x00 0x00 vsync=0x00 0x00
W (993) lt8912b: LT8912B test pattern requested by config
W (1001) lt8912b: Test pattern enabled!
I (1003) lt8912b: after-test-pattern-before-dpi-init: HPD=0x00 HDMI_CTRL=0x00 pattern=0x00/0x00 MIPI hsync=0x00 0x00 vsync=0x00 0x00
I (1015) lt8912b: after-dpi-init: HPD=0x00 HDMI_CTRL=0x00 pattern=0x00/0x00 MIPI hsync=0x00 0x00 vsync=0x00 0x00
W (1023) lt8912b: Re-applying LT8912B test pattern after DPI init
W (1032) lt8912b: Test pattern enabled!
I (1034) lt8912b: after-test-pattern-after-dpi-init: HPD=0x00 HDMI_CTRL=0x00 pattern=0x00/0x00 MIPI hsync=0x00 0x00 vsync=0x00 0x00
I (1045) lt8912b: Detected MIPI input. H sync: 0x00 0x00, V sync: 0x00 0x00
I (1051) t5_p4_board: LT8912B HPD/ready after init: not ready
I (1056) t5_p4_board: LT8912B diagnostics config: test_pattern=1 pn_swap=0 lane_swap=0
W (1064) t5_p4_board: LT8912B built-in test pattern is enabled for diagnosis
I (1071) t5_p4_board: HDMI after-panel-init: powered=yes out=0xC0/0x04 dir=0x3F/0xFB in=0xE0/0xC4 io10_1v8=1 io7_en=1 io6_rst=1 int_gpio=1
I (1083) main: Display callback mode=on_refresh_done timeout=1000 ms fail_open=no buffers=2
I (1091) gpio: GPIO[47]| InputEn: 0| OutputEn: 1| OpenDrain: 0| Pullup: 0| Pulldown: 0| Intr:0 
I (1100) sdspi_transaction: cmd=52, R1 response: command not supported
I (1148) sdspi_transaction: cmd=5, R1 response: command not supported
I (1193) t5_p4_board: SD card mounted over SPI at /sdcard
I (1193) main: Initializing audio codec...
W (1194) i2s_common: dma frame num is adjusted to 256 to align the dma buffer with 64, bufsize = 512
W (1200) i2s_common: dma frame num is adjusted to 256 to align the dma buffer with 64, bufsize = 512
I (1209) t5_p4_board: I2S prepared: mclk=43 bclk=42 lrck=40 dout=39 din=41
I (1226) t5_p4_board: ES8311 detected at 0x18
I (1226) t5_p4_board: Configuring ES8311 via codec default addr 0x30 (7-bit address 0x18)
I (1232) ES8311: Work in Slave mode
I (1235) main: Audio codec initialized successfully
I (1236) main: Initializing stream adapter...
I (1271) app_extractor: Extractors registered successfully
I (1271) app_extractor: Audio decoders registered successfully
I (1271) app_extractor: App extractor initialized with audio
I (1276) stream_adapter: Stream adapter initialized with audio with event group control
I (1284) main: Stream adapter initialized with RGB888 format and audio support
I (1335) stream_adapter: Set media file: /sdcard/test_video.mp4, extract_audio: 1
I (1335) main: Starting loop playback of /sdcard/test_video.mp4
I (1337) main: Starting playback loop #1
I (1340) stream_adapter: Starting playback of /sdcard/test_video.mp4 with audio
[0;32mI (1761) MP4_PARSER: Set video format:2[0m
[0;32mI (1765) MP4_PARSER: Set audio format:3[0m
[0;32mI (1766) MP4_PARSER: Update sample:22050 channel: 2[0m
Spec Config: 13 90 56 e5 00 
[0;32mI (1800) Data_Cache: Read finished 18035/87381[0m
[0;32mI (1802) Data_Cache: Read finished 0/87381[0m
sample:0 pos:44 size:67 pts:0
sample:1 pos:87102 size:232 pts:46
sample:2 pos:87334 size:261 pts:92
sample:3 pos:174539 size:328 pts:139
sample:4 pos:261856 size:370 pts:185
sample:5 pos:349211 size:385 pts:232
sample:6 pos:436592 size:404 pts:278
sample:7 pos:523999 size:455 pts:325
sample:8 pos:611468 size:491 pts:371
sample:9 pos:698981 size:494 pts:417
sample:0 pos:111 size:86991 pts:0
sample:1 pos:87595 size:86944 pts:50
sample:2 pos:174867 size:86989 pts:100
sample:3 pos:262226 size:86985 pts:150
sample:4 pos:349596 size:86996 pts:200
sample:5 pos:436996 size:87003 pts:250
sample:6 pos:524454 size:87014 pts:300
sample:7 pos:611959 size:87022 pts:350
sample:8 pos:699475 size:87013 pts:400
sample:9 pos:787013 size:87016 pts:450
I (1978) app_extractor: Found 1 audio and 1 video streams
I (1983) app_extractor: Audio: format=3, 22050Hz, 2ch, 16bits
I (1988) app_extractor: Video: format=2, 1280x720, 20fps
I (1993) app_extractor: Video: MJPEG format - ESP32-P4 hardware accelerated
I (2000) app_extractor: Extraction started: fps=50ms, audio=yes
I (2006) stream_adapter: Video info: 1280x720, 20 fps, 286700 ms
I (2011) stream_adapter: Audio info: 22050 Hz, 2 ch, 16 bits, 286634 ms
I (2018) stream_adapter: Extract task started
I (2022) stream_adapter: Extract task processing frames
I (2028) app_extractor: Using AAC decoder (sample_rate=22050, channel=2, bits=16)
I (2035) app_extractor: AAC decoder initialized with parameters: sample_rate=22050, channel=2, bits=16
I (2044) I2S_IF: channel mode 0 bits:16/16 channel:2 mask:3
I (2049) I2S_IF: STD Mode 1 bits:16/16 channel:2 sample_rate:22050 mask:3
I (2055) I2S_IF: channel mode 0 bits:16/16 channel:2 mask:3
I (2060) I2S_IF: STD Mode 0 bits:16/16 channel:2 sample_rate:22050 mask:3
I (2082) Adev_Codec: Open codec device OK
I (2201) main: Display frame 0 completed, callback_count=84
I (2374) main: Display frame 1 completed, callback_count=97
I (2548) main: Display frame 2 completed, callback_count=110
