ESP-ROM:esp32p4-eco2-20240710
Build:Jul 10 2024
rst:0x1 (POWERON),boot:0x20f (SPI_FAST_FLASH_BOOT)
SPI mode:DIO, clock div:1
load:0x4ff33ce0,len:0x162c
load:0x4ff2abd0,len:0xd6c
load:0x4ff2cbd0,len:0x3308
entry 0x4ff2abda
ESP-ROM:esp32p4-eco2-20240710
Build:Jul 10 2024
rst:0x7 (HP_SYS_HP_WDT_RESET),boot:0x20f (SPI_FAST_FLASH_BOOT)
SPI mode:DIO, clock div:1
load:0x4ff33ce0,len:0x162c
load:0x4ff2abd0,len:0xd6c
load:0x4ff2cbd0,len:0x3308
entry 0x4ff2abda
I (28) boot: ESP-IDF v5.4.1-dirty 2nd stage bootloader
I (28) boot: compile time Mar 24 2026 17:13:59
I (29) boot: Multicore bootloader
I (30) boot: chip revision: v1.0
I (32) boot: efuse block revision: v0.1
I (35) boot.esp32p4: SPI Speed      : 80MHz
I (39) boot.esp32p4: SPI Mode       : DIO
I (43) boot.esp32p4: SPI Flash Size : 16MB
W (47) boot.esp32p4: CPU has been reset by WDT.
I (51) boot: Enabling RNG early entropy source...
I (56) boot: Partition Table:
I (58) boot: ## Label            Usage          Type ST Offset   Length
I (65) boot:  0 nvs              WiFi data        01 02 00009000 00006000
I (71) boot:  1 phy_init         RF data          01 01 0000f000 00001000
I (78) boot:  2 factory          factory app      00 00 00010000 00200000
I (85) boot: End of partition table
I (87) esp_image: segment 0: paddr=00010020 vaddr=48080020 size=274a0h (160928) map
I (123) esp_image: segment 1: paddr=000374c8 vaddr=30100000 size=0002ch (    44) load
I (125) esp_image: segment 2: paddr=000374fc vaddr=3010002c size=0003ch (    60) load
I (128) esp_image: segment 3: paddr=00037540 vaddr=4ff00000 size=08ad8h ( 35544) load
I (142) esp_image: segment 4: paddr=00040020 vaddr=48000020 size=771a8h (487848) map
I (225) esp_image: segment 5: paddr=000b71d0 vaddr=4ff08ad8 size=0c678h ( 50808) load
I (236) esp_image: segment 6: paddr=000c3850 vaddr=4ff15180 size=032b8h ( 12984) load
I (244) boot: Loaded app from partition at offset 0x10000
I (245) boot: Disabling RNG early entropy source...
I (255) hex_psram: vendor id    : 0x0d (AP)
I (255) hex_psram: Latency      : 0x01 (Fixed)
I (255) hex_psram: DriveStr.    : 0x00 (25 Ohm)
I (256) hex_psram: dev id       : 0x03 (generation 4)
I (260) hex_psram: density      : 0x07 (256 Mbit)
I (265) hex_psram: good-die     : 0x06 (Pass)
I (269) hex_psram: SRF          : 0x02 (Slow Refresh)
I (274) hex_psram: BurstType    : 0x00 ( Wrap)
I (278) hex_psram: BurstLen     : 0x03 (2048 Byte)
I (282) hex_psram: BitMode      : 0x01 (X16 Mode)
I (287) hex_psram: Readlatency  : 0x04 (14 cycles@Fixed)
I (292) hex_psram: DriveStrength: 0x00 (1/1)
I (296) MSPI DQS: tuning success, best phase id is 2
I (473) MSPI DQS: tuning success, best delayline id is 11
I esp_psram: Found 32MB PSRAM device
I esp_psram: Speed: 200MHz
I (488) mmu_psram: .rodata xip on psram
I (526) mmu_psram: .text xip on psram
I (527) hex_psram: psram CS IO is dedicated
I (527) cpu_start: Multicore app
I (537) cpu_start: Pro cpu start user code
I (537) cpu_start: cpu freq: 360000000 Hz
I (537) app_init: Application information:
I (537) app_init: Project name:     mipi_dsi_avoid_tearing
I (542) app_init: App version:      8414ad1-dirty
I (546) app_init: Compile time:     Mar 24 2026 17:44:04
I (551) app_init: ELF file SHA256:  8f54a66cf...
I (556) app_init: ESP-IDF:          v5.4.1-dirty
I (560) efuse_init: Min chip rev:     v0.1
I (564) efuse_init: Max chip rev:     v1.99 
I (568) efuse_init: Chip rev:         v1.0
I (572) heap_init: Initializing. RAM available for dynamic allocation:
I (578) heap_init: At 4FF19DA0 len 00021220 (132 KiB): RAM
I (583) heap_init: At 4FF3AFC0 len 00004BF0 (18 KiB): RAM
I (588) heap_init: At 4FF40000 len 00040000 (256 KiB): RAM
I (594) heap_init: At 50108080 len 00007F80 (31 KiB): RTCRAM
I (599) heap_init: At 30100068 len 00001F98 (7 KiB): TCM
I (604) esp_psram: Adding pool of 31872K of PSRAM memory to heap allocator
I (611) spi_flash: detected chip: generic
I (614) spi_flash: flash io: dio
I (618) main_task: Started on CPU0
I (655) esp_psram: Reserving pool of 32K of internal memory for DMA/internal allocations
I (655) main_task: Calling app_main()
I (655) main: Starting HDMI MP4 Player application
I (660) t5_p4_board: MIPI DSI PHY powered on
W (665) i2c.master: Please check pull-up resistances whether be connected properly. Otherwise unexpected behavior would happen. For more detailed information, please read docs
I (679) t5_p4_board: I2C ready on SDA=7 SCL=8, port=1, clk=400000 Hz
I (686) t5_p4_board: PCA9535 detected at 0x20
I (879) t5_p4_board: LT8912B main detected at 0x48
I (879) t5_p4_board: LT8912B CEC detected at 0x49
I (879) t5_p4_board: LT8912B AVI detected at 0x4A
I (940) lt8912b: Detected MIPI input. H sync: 0x00 0x00, V sync: 0x00 0x00
I (965) lt8912b: LT8912 LVDS output disabled!
I (965) lt8912b: LT8912 HDMI output enabled!
I (966) lt8912b: Detected MIPI input. H sync: 0x00 0x00, V sync: 0x00 0x00
I (969) t5_p4_board: LT8912B HPD/ready after init: not ready
I (974) main: Display callback mode=on_refresh_done timeout=1000 ms fail_open=no buffers=2
I (982) gpio: GPIO[47]| InputEn: 0| OutputEn: 1| OpenDrain: 0| Pullup: 0| Pulldown: 0| Intr:0 
I (991) sdspi_transaction: cmd=52, R1 response: command not supported
I (1038) sdspi_transaction: cmd=5, R1 response: command not supported
I (1083) t5_p4_board: SD card mounted over SPI at /sdcard
I (1083) main: Initializing audio codec...
W (1084) i2s_common: dma frame num is adjusted to 256 to align the dma buffer with 64, bufsize = 512
W (1090) i2s_common: dma frame num is adjusted to 256 to align the dma buffer with 64, bufsize = 512
I (1099) t5_p4_board: I2S prepared: mclk=43 bclk=42 lrck=40 dout=39 din=41
I (1116) t5_p4_board: ES8311 detected at 0x18
I (1116) t5_p4_board: Configuring ES8311 via codec default addr 0x30 (7-bit address 0x18)
I (1122) ES8311: Work in Slave mode
I (1125) main: Audio codec initialized successfully
I (1126) main: Initializing stream adapter...
I (1162) app_extractor: Extractors registered successfully
I (1162) app_extractor: Audio decoders registered successfully
I (1162) app_extractor: App extractor initialized with audio
I (1167) stream_adapter: Stream adapter initialized with audio with event group control
I (1174) main: Stream adapter initialized with RGB888 format and audio support
I (1225) stream_adapter: Set media file: /sdcard/test_video.mp4, extract_audio: 1
I (1225) main: Starting loop playback of /sdcard/test_video.mp4
I (1227) main: Starting playback loop #1
I (1231) stream_adapter: Starting playback of /sdcard/test_video.mp4 with audio
[0;32mI (1652) MP4_PARSER: Set video format:2[0m
[0;32mI (1656) MP4_PARSER: Set audio format:3[0m
[0;32mI (1657) MP4_PARSER: Update sample:22050 channel: 2[0m
Spec Config: 13 90 56 e5 00 
[0;32mI (1691) Data_Cache: Read finished 18035/87381[0m
[0;32mI (1693) Data_Cache: Read finished 0/87381[0m
sample:0 pos:44 size:67 pts:0
sample:1 pos:87102 size:232 pts:46
sample:2 pos:87334 size:261 pts:92
sample:3 pos:174539 size:328 pts:139
sample:4 pos:261856 size:370 pts:185
sample:5 pos:349211 size:385 pts:232
sample:6 pos:436592 size:404 pts:278
sample:7 pos:523999 size:455 pts:325
sample:8 pos:611468 size:491 pts:371
sample:9 pos:698981 size:494 pts:417
sample:0 pos:111 size:86991 pts:0
sample:1 pos:87595 size:86944 pts:50
sample:2 pos:174867 size:86989 pts:100
sample:3 pos:262226 size:86985 pts:150
sample:4 pos:349596 size:86996 pts:200
sample:5 pos:436996 size:87003 pts:250
sample:6 pos:524454 size:87014 pts:300
sample:7 pos:611959 size:87022 pts:350
sample:8 pos:699475 size:87013 pts:400
sample:9 pos:787013 size:87016 pts:450
I (1869) app_extractor: Found 1 audio and 1 video streams
I (1874) app_extractor: Audio: format=3, 22050Hz, 2ch, 16bits
I (1879) app_extractor: Video: format=2, 1280x720, 20fps
I (1884) app_extractor: Video: MJPEG format - ESP32-P4 hardware accelerated
I (1891) app_extractor: Extraction started: fps=50ms, audio=yes
I (1897) stream_adapter: Video info: 1280x720, 20 fps, 286700 ms
I (1902) stream_adapter: Audio info: 22050 Hz, 2 ch, 16 bits, 286634 ms
I (1909) stream_adapter: Extract task started
I (1913) stream_adapter: Extract task processing frames
I (1959) app_extractor: Using AAC decoder (sample_rate=22050, channel=2, bits=16)
I (1959) app_extractor: AAC decoder initialized with parameters: sample_rate=22050, channel=2, bits=16
I (1965) I2S_IF: channel mode 0 bits:16/16 channel:2 mask:3
I (1969) I2S_IF: STD Mode 1 bits:16/16 channel:2 sample_rate:22050 mask:3
I (1976) I2S_IF: channel mode 0 bits:16/16 channel:2 mask:3
I (1981) I2S_IF: STD Mode 0 bits:16/16 channel:2 sample_rate:22050 mask:3
I (2002) Adev_Codec: Open codec device OK
I (2126) main: Display frame 0 completed, callback_count=87
I (2300) main: Display frame 1 completed, callback_count=100
I (2473) main: Display frame 2 completed, callback_count=113
