ESP-ROM:esp32p4-eco2-20240710
Build:Jul 10 2024
rst:0x1 (POWERON),boot:0x30f (SPI_FAST_FLASH_BOOT)
SPI mode:DIO, clock div:1
load:0x4ff33ce0,len:0x1674
load:0x4ff2abd0,len:0xe58
load:0x4ff2cbd0,len:0x332c
entry 0x4ff2abda
W (24) pmu_param: hp_cali_dbias not burnt in efuse, use default.
W (25) pmu_param: lp_cali_dbias not burnt in efuse, use default.
I (36) boot: ESP-IDF v5.4.3 2nd stage bootloader
I (36) boot: compile time Mar 31 2026 15:19:29
I (36) boot: Multicore bootloader
I (38) boot: chip revision: v1.0
I (39) boot: efuse block revision: v0.1
I (43) boot.esp32p4: SPI Speed      : 80MHz
I (47) boot.esp32p4: SPI Mode       : DIO
I (50) boot.esp32p4: SPI Flash Size : 16MB
I (54) boot: Enabling RNG early entropy source...
I (59) boot: Partition Table:
I (61) boot: ## Label            Usage          Type ST Offset   Length
I (68) boot:  0 nvs              WiFi data        01 02 00009000 00006000
I (74) boot:  1 phy_init         RF data          01 01 0000f000 00001000
I (81) boot:  2 factory          factory app      00 00 00010000 00200000
I (88) boot: End of partition table
I (90) esp_image: segment 0: paddr=00010020 vaddr=48070020 size=252dch (152284) map
I (124) esp_image: segment 1: paddr=00035304 vaddr=30100000 size=00068h (   104) load
I (126) esp_image: segment 2: paddr=00035374 vaddr=4ff00000 size=0aca4h ( 44196) load
I (138) esp_image: segment 3: paddr=00040020 vaddr=48000020 size=6ace0h (437472) map
I (212) esp_image: segment 4: paddr=000aad08 vaddr=4ff0aca4 size=0a428h ( 42024) load
I (222) esp_image: segment 5: paddr=000b5138 vaddr=4ff15100 size=03364h ( 13156) load
I (230) boot: Loaded app from partition at offset 0x10000
I (230) boot: Disabling RNG early entropy source...
W (240) pmu_pvt: blk_version is less than 2, pvt auto dbias init not supported in efuse.
I (242) hex_psram: vendor id    : 0x0d (AP)
I (242) hex_psram: Latency      : 0x01 (Fixed)
I (244) hex_psram: DriveStr.    : 0x00 (25 Ohm)
I (249) hex_psram: dev id       : 0x03 (generation 4)
I (253) hex_psram: density      : 0x07 (256 Mbit)
I (258) hex_psram: good-die     : 0x06 (Pass)
I (262) hex_psram: SRF          : 0x02 (Slow Refresh)
I (267) hex_psram: BurstType    : 0x00 ( Wrap)
I (271) hex_psram: BurstLen     : 0x03 (2048 Byte)
I (275) hex_psram: BitMode      : 0x01 (X16 Mode)
I (280) hex_psram: Readlatency  : 0x04 (14 cycles@Fixed)
I (285) hex_psram: DriveStrength: 0x00 (1/1)
I (289) MSPI DQS: tuning success, best phase id is 0
I (462) MSPI DQS: tuning success, best delayline id is 17
I esp_psram: Found 32MB PSRAM device
I esp_psram: Speed: 200MHz
I (477) mmu_psram: .rodata xip on psram
I (510) mmu_psram: .text xip on psram
I (510) hex_psram: psram CS IO is dedicated
I (511) cpu_start: Multicore app
I (521) cpu_start: Pro cpu start user code
I (521) cpu_start: cpu freq: 360000000 Hz
I (521) app_init: Application information:
I (521) app_init: Project name:     mipi_dsi_avoid_tearing
I (526) app_init: App version:      85e11b8-dirty
I (531) app_init: Compile time:     Apr  1 2026 11:49:06
I (536) app_init: ELF file SHA256:  62537bef1...
I (540) app_init: ESP-IDF:          v5.4.3
I (544) efuse_init: Min chip rev:     v0.1
I (548) efuse_init: Max chip rev:     v1.99 
I (552) efuse_init: Chip rev:         v1.0
I (556) heap_init: Initializing. RAM available for dynamic allocation:
I (562) heap_init: At 4FF19DB0 len 00021210 (132 KiB): RAM
I (567) heap_init: At 4FF3AFC0 len 00004BF0 (18 KiB): RAM
I (572) heap_init: At 4FF40000 len 00040000 (256 KiB): RAM
I (577) heap_init: At 50108080 len 00007F80 (31 KiB): RTCRAM
I (583) heap_init: At 30100068 len 00001F98 (7 KiB): TCM
I (588) esp_psram: Adding pool of 32128K of PSRAM memory to heap allocator
I (594) esp_psram: Adding pool of 20K of PSRAM memory gap generated due to end address alignment of irom to the heap allocator
I (605) esp_psram: Adding pool of 43K of PSRAM memory gap generated due to end address alignment of drom to the heap allocator
I (617) spi_flash: detected chip: generic
I (620) spi_flash: flash io: dio
I (624) main_task: Started on CPU0
I (639) esp_psram: Reserving pool of 32K of internal memory for DMA/internal allocations
I (639) main_task: Calling app_main()
I (639) main: Starting HDMI MP4 Player application
I (644) main: Display timing: 800x600, DSI lane bitrate: 1000 Mbps
I (650) t5_p4_board: MIPI DSI PHY powered on
W (655) i2c.master: Please check pull-up resistances whether be connected properly. Otherwise unexpected behavior would happen. For more detailed information, please read docs
I (669) t5_p4_board: I2C ready on SDA=7 SCL=8, port=1, clk=400000 Hz
I (676) t5_p4_board: PCA9535 detected at 0x20
I (869) t5_p4_board: LT8912B main detected at 0x48
I (869) t5_p4_board: LT8912B CEC detected at 0x49
I (869) t5_p4_board: LT8912B AVI detected at 0x4A
I (871) gpio: GPIO[4]| InputEn: 1| OutputEn: 0| OpenDrain: 0| Pullup: 0| Pulldown: 0| Intr:0 
I (879) t5_p4_board: HDMI after-power-on: powered=yes out=0xC0/0x04 dir=0x3F/0xFB in=0xC0/0xC4 io10_1v8=1 io7_en=1 io6_rst=1 int_gpio=1
I (938) lt8912b: Detected MIPI input. H sync: 0xff 0xff, V sync: 0x00 0x00
I (963) lt8912b: LT8912 LVDS output disabled!
I (963) lt8912b: LT8912 HDMI output enabled!
W (966) lt8912b: Test pattern enabled!
I (966) lt8912b: Detected MIPI input. H sync: 0xff 0xff, V sync: 0x00 0x00
I (970) t5_p4_board: LT8912B ready check 1/10: ready
I (975) t5_p4_board: LT8912B HPD/ready after init: ready
I (980) t5_p4_board: LT8912B diagnostics config: test_pattern=1 pn_swap=0 lane_swap=0
W (987) t5_p4_board: LT8912B built-in test pattern is enabled for diagnosis
I (994) t5_p4_board: HDMI after-panel-init: powered=yes out=0xC0/0x04 dir=0x3F/0xFB in=0xC0/0xC4 io10_1v8=1 io7_en=1 io6_rst=1 int_gpio=1
I (1025) main: Allocated 2 external decode buffers (1440000 bytes each)
I (1042) main: Submitting boot diagnostic frame
I (1064) lt8912b: Detected MIPI input. H sync: 0x53 0x23, V sync: 0x02 0x74
I (1064) main: Submitted frame 0 (800x600), LT8912 ready=yes, total=1
I (1566) t5_p4_board: Initializing SD card over SPI at /sdcard
I (1566) t5_p4_board: SD SPI pins: MISO=44 CLK=45 MOSI=46 CS=47
I (1566) t5_p4_board: SD SPI before-init: host=SPI2 miso=44(1) clk=45(1) mosi=46(1) cs=47(1)
I (1574) gpio: GPIO[47]| InputEn: 0| OutputEn: 1| OpenDrain: 0| Pullup: 0| Pulldown: 0| Intr:0 
I (1583) sdspi_transaction: cmd=52, R1 response: command not supported
I (1630) sdspi_transaction: cmd=5, R1 response: command not supported
I (1675) t5_p4_board: SD card mounted over SPI at /sdcard
I (1675) t5_p4_board: SD SPI after-mount: host=SPI2 miso=44(1) clk=45(0) mosi=46(0) cs=47(0)
I (1677) main: Audio playback disabled, starting in video-only mode
I (1683) main: Initializing stream adapter...
I (1697) app_extractor: Extractors registered successfully
I (1697) app_extractor: App extractor initialized
I (1698) stream_adapter: Stream adapter initialized with event group control
I (1704) main: Stream adapter initialized with RGB888/BGR at 800x600 (video-only)
I (1715) stream_adapter: Set media file: /sdcard/test_video.mp4, extract_audio: 0
I (1718) main: Starting loop playback of /sdcard/test_video.mp4
I (1724) main: Starting playback loop #1
I (1728) stream_adapter: Starting playback of /sdcard/test_video.mp4
[0;32mI (2167) MP4_PARSER: Set video format:2[0m
[0;32mI (2361) Data_Cache: Read finished 98/87381[0m
[0;32mI (2487) Data_Cache: Read finished 0/87381[0m
sample:0 pos:111 size:86991 pts:0
sample:1 pos:87595 size:86944 pts:50
sample:2 pos:174867 size:86989 pts:100
sample:3 pos:262226 size:86985 pts:150
sample:4 pos:349596 size:86996 pts:200
sample:5 pos:436996 size:87003 pts:250
sample:6 pos:524454 size:87014 pts:300
sample:7 pos:611959 size:87022 pts:350
sample:8 pos:699475 size:87013 pts:400
sample:9 pos:787013 size:87016 pts:450
I (2826) app_extractor: Found 1 audio and 1 video streams
I (2830) app_extractor: Audio stream present but skipped in video-only mode
I (2837) app_extractor: Video: format=2, 1280x720, 20fps
I (2842) app_extractor: Video: MJPEG format - ESP32-P4 hardware accelerated
I (2849) app_extractor: Extraction started: fps=50ms, audio=no
I (2854) stream_adapter: Video info: 1280x720, 20 fps, 286700 ms
I (2860) stream_adapter: Extract task started
I (2864) stream_adapter: Extract task processing frames
I (3092) lt8912b: Detected MIPI input. H sync: 0x53 0x23, V sync: 0x02 0x74
I (3093) main: Submitted frame 0 (800x600), LT8912 ready=yes, total=2
I (3300) lt8912b: Detected MIPI input. H sync: 0x53 0x23, V sync: 0x02 0x74
I (3301) main: Submitted frame 1 (800x600), LT8912 ready=yes, total=3
I (3508) lt8912b: Detected MIPI input. H sync: 0x53 0x23, V sync: 0x02 0x74
I (3508) main: Submitted frame 2 (800x600), LT8912 ready=yes, total=4
I (9065) lt8912b: Detected MIPI input. H sync: 0x53 0x23, V sync: 0x02 0x74
I (9066) main: Submitted frame 28 (800x600), LT8912 ready=yes, total=30
I (15399) lt8912b: Detected MIPI input. H sync: 0x53 0x23, V sync: 0x02 0x74
I (15399) main: Submitted frame 58 (800x600), LT8912 ready=yes, total=60
I (18301) lt8912b: Detected MIPI input. H sync: 0x53 0x23, V sync: 0x02 0x74
I (18301) main: Submitted frame 88 (800x600), LT8912 ready=yes, total=90
I (20855) lt8912b: Detected MIPI input. H sync: 0x53 0x23, V sync: 0x02 0x74
I (20856) main: Submitted frame 118 (800x600), LT8912 ready=yes, total=120
I (23374) lt8912b: Detected MIPI input. H sync: 0x53 0x23, V sync: 0x02 0x74
I (23375) main: Submitted frame 148 (800x600), LT8912 ready=yes, total=150
I (25836) lt8912b: Detected MIPI input. H sync: 0x53 0x23, V sync: 0x02 0x74
I (25836) main: Submitted frame 178 (800x600), LT8912 ready=yes, total=180
I (28243) lt8912b: Detected MIPI input. H sync: 0x53 0x23, V sync: 0x02 0x74
I (28243) main: Submitted frame 208 (800x600), LT8912 ready=yes, total=210
I (31167) lt8912b: Detected MIPI input. H sync: 0x53 0x23, V sync: 0x02 0x74
I (31167) main: Submitted frame 238 (800x600), LT8912 ready=yes, total=240
I (34457) lt8912b: Detected MIPI input. H sync: 0x53 0x23, V sync: 0x02 0x74
I (34457) main: Submitted frame 268 (800x600), LT8912 ready=yes, total=270
I (37288) lt8912b: Detected MIPI input. H sync: 0x53 0x23, V sync: 0x02 0x74
I (37288) main: Submitted frame 298 (800x600), LT8912 ready=yes, total=300
I (40160) lt8912b: Detected MIPI input. H sync: 0x53 0x23, V sync: 0x02 0x74
I (40161) main: Submitted frame 328 (800x600), LT8912 ready=yes, total=330
I (44344) lt8912b: Detected MIPI input. H sync: 0x53 0x23, V sync: 0x02 0x74
I (44344) main: Submitted frame 358 (800x600), LT8912 ready=yes, total=360
I (50890) lt8912b: Detected MIPI input. H sync: 0x53 0x23, V sync: 0x02 0x74
I (50890) main: Submitted frame 388 (800x600), LT8912 ready=yes, total=390
I (57468) lt8912b: Detected MIPI input. H sync: 0x53 0x23, V sync: 0x02 0x74
I (57468) main: Submitted frame 418 (800x600), LT8912 ready=yes, total=420
I (62092) lt8912b: Detected MIPI input. H sync: 0x53 0x23, V sync: 0x02 0x74
I (62092) main: Submitted frame 448 (800x600), LT8912 ready=yes, total=450
I (65072) lt8912b: Detected MIPI input. H sync: 0x53 0x23, V sync: 0x02 0x74
I (65072) main: Submitted frame 478 (800x600), LT8912 ready=yes, total=480
I (67772) lt8912b: Detected MIPI input. H sync: 0x53 0x23, V sync: 0x02 0x74
I (67772) main: Submitted frame 508 (800x600), LT8912 ready=yes, total=510
I (70659) lt8912b: Detected MIPI input. H sync: 0x53 0x23, V sync: 0x02 0x74
I (70659) main: Submitted frame 538 (800x600), LT8912 ready=yes, total=540
I (78378) lt8912b: Detected MIPI input. H sync: 0x53 0x23, V sync: 0x02 0x74
I (78379) main: Submitted frame 568 (800x600), LT8912 ready=yes, total=570
I (81607) lt8912b: Detected MIPI input. H sync: 0x53 0x23, V sync: 0x02 0x74
I (81607) main: Submitted frame 598 (800x600), LT8912 ready=yes, total=600
I (84704) lt8912b: Detected MIPI input. H sync: 0x53 0x23, V sync: 0x02 0x74
I (84704) main: Submitted frame 628 (800x600), LT8912 ready=yes, total=630
I (88617) lt8912b: Detected MIPI input. H sync: 0x53 0x23, V sync: 0x02 0x74
I (88618) main: Submitted frame 658 (800x600), LT8912 ready=yes, total=660
I (92603) lt8912b: Detected MIPI input. H sync: 0x53 0x23, V sync: 0x02 0x74
I (92604) main: Submitted frame 688 (800x600), LT8912 ready=yes, total=690
I (95816) lt8912b: Detected MIPI input. H sync: 0x53 0x23, V sync: 0x02 0x74
I (95816) main: Submitted frame 718 (800x600), LT8912 ready=yes, total=720
I (99641) lt8912b: Detected MIPI input. H sync: 0x53 0x23, V sync: 0x02 0x74
I (99641) main: Submitted frame 748 (800x600), LT8912 ready=yes, total=750
I (103341) lt8912b: Detected MIPI input. H sync: 0x53 0x23, V sync: 0x02 0x74
I (103341) main: Submitted frame 778 (800x600), LT8912 ready=yes, total=780
I (107122) lt8912b: Detected MIPI input. H sync: 0x53 0x23, V sync: 0x02 0x74
I (107122) main: Submitted frame 808 (800x600), LT8912 ready=yes, total=810
I (110909) lt8912b: Detected MIPI input. H sync: 0x53 0x23, V sync: 0x02 0x74
I (110909) main: Submitted frame 838 (800x600), LT8912 ready=yes, total=840
